
======================================================================
Computing aggregated count/frequency/statistical features on combined train+test...
======================================================================
  content_owner_complaint_count: 23221 unique owners
  content_complaint_count:       47797 unique contents
  claim_type_count:              16 unique types
  claim_reason_count:            18 unique reasons
  Frequency encoding: 5 features (id_content_owner, claim_type, claim_reason, os, registered_phone_country)
  Statistical aggregations: 5 features (mean/std bot scores, mean likes by claim_type/reason)

FOLD 4: train 18874 rows -> val 7446 rows (2025-08-23 21:22:00 .. 2025-10-12 16:43:00), val prevalence 0.1270
    cat_all: iterations=102 (10.4s)
    cat_recent: iterations=134 (11.3s)
    lgb_neutral: iterations=147 (2.9s)
    lgb_diverse: iterations=163 (3.5s)
    lgb_strong: iterations=20 (0.9s)
{
  "fold": 4,
  "rows_train": 18874,
  "rows_val": 7446,
  "val_start": "2025-08-23 21:22:00",
  "val_stop": "2025-10-12 16:43:00",
  "prevalence_train": 0.14554413478859807,
  "prevalence_val": 0.1270480795057749,
  "seeds": [
    42,
    2026,
    777
  ],
  "cat_all_iterations": 102,
  "cat_all_seconds": 10.4,
  "cat_recent_iterations": 134,
  "cat_recent_seconds": 11.3,
  "lgb_neutral_iterations": 147,
  "lgb_neutral_seconds": 2.9,
  "lgb_diverse_iterations": 163,
  "lgb_diverse_seconds": 3.5,
  "lgb_strong_iterations": 20,
  "lgb_strong_seconds": 0.9
}

FOLD 3: train 26320 rows -> val 7446 rows (2025-10-12 16:50:00 .. 2025-11-27 17:06:00), val prevalence 0.1436
    cat_all: iterations=419 (54.9s)
    cat_recent: iterations=354 (46.1s)
    lgb_neutral: iterations=143 (3.1s)
    lgb_diverse: iterations=371 (7.3s)
    lgb_strong: iterations=20 (1.1s)
{
  "fold": 3,
  "rows_train": 26320,
  "rows_val": 7446,
  "val_start": "2025-10-12 16:50:00",
  "val_stop": "2025-11-27 17:06:00",
  "prevalence_train": 0.1403115501519757,
  "prevalence_val": 0.14356701584743486,
  "seeds": [
    42,
    2026,
    777
  ],
  "cat_all_iterations": 419,
  "cat_all_seconds": 54.9,
  "cat_recent_iterations": 354,
  "cat_recent_seconds": 46.1,
  "lgb_neutral_iterations": 143,
  "lgb_neutral_seconds": 3.1,
  "lgb_diverse_iterations": 371,
  "lgb_diverse_seconds": 7.3,
  "lgb_strong_iterations": 20,
  "lgb_strong_seconds": 1.1
}

FOLD 2: train 33766 rows -> val 7446 rows (2025-11-27 17:08:00 .. 2026-01-11 00:42:00), val prevalence 0.1515
    cat_all: iterations=256 (43.9s)
    cat_recent: iterations=233 (40.5s)
    lgb_neutral: iterations=205 (4.6s)
    lgb_diverse: iterations=553 (11.1s)
    lgb_strong: iterations=20 (1.4s)
{
  "fold": 2,
  "rows_train": 33766,
  "rows_val": 7446,
  "val_start": "2025-11-27 17:08:00",
  "val_stop": "2026-01-11 00:42:00",
  "prevalence_train": 0.1410294378961085,
  "prevalence_val": 0.1514907332796132,
  "seeds": [
    42,
    2026,
    777
  ],
  "cat_all_iterations": 256,
  "cat_all_seconds": 43.9,
  "cat_recent_iterations": 233,
  "cat_recent_seconds": 40.5,
  "lgb_neutral_iterations": 205,
  "lgb_neutral_seconds": 4.6,
  "lgb_diverse_iterations": 553,
  "lgb_diverse_seconds": 11.1,
  "lgb_strong_iterations": 20,
  "lgb_strong_seconds": 1.4
}

FOLD 1: train 41212 rows -> val 7446 rows (2026-01-11 00:43:00 .. 2026-03-01 02:39:00), val prevalence 0.1468
    cat_all: iterations=313 (61.9s)
    cat_recent: iterations=257 (51.1s)
    lgb_neutral: iterations=290 (6.7s)
    lgb_diverse: iterations=826 (17.0s)
    lgb_strong: iterations=20 (1.6s)
{
  "fold": 1,
  "rows_train": 41212,
  "rows_val": 7446,
  "val_start": "2026-01-11 00:43:00",
  "val_stop": "2026-03-01 02:39:00",
  "prevalence_train": 0.14291953799864118,
  "prevalence_val": 0.14679022293849048,
  "seeds": [
    42,
    2026,
    777
  ],
  "cat_all_iterations": 313,
  "cat_all_seconds": 61.9,
  "cat_recent_iterations": 257,
  "cat_recent_seconds": 51.1,
  "lgb_neutral_iterations": 290,
  "lgb_neutral_seconds": 6.7,
  "lgb_diverse_iterations": 826,
  "lgb_diverse_seconds": 17.0,
  "lgb_strong_iterations": 20,
  "lgb_strong_seconds": 1.6
}
cv_rc=0
