[NbConvertApp] Converting notebook solution.ipynb to notebook
[IPKernelApp] WARNING | debugpy_stream undefined, debugging will not be enabled
Defaulting to user installation because normal site-packages is not writeable
Requirement already satisfied: numpy==2.2.1 in /home/ubuntu/.local/lib/python3.10/site-packages (from -r requirements.txt (line 1)) (2.2.1)
Requirement already satisfied: pandas==2.2.3 in /home/ubuntu/.local/lib/python3.10/site-packages (from -r requirements.txt (line 2)) (2.2.3)
Requirement already satisfied: scikit-learn==1.6.0 in /home/ubuntu/.local/lib/python3.10/site-packages (from -r requirements.txt (line 3)) (1.6.0)
Requirement already satisfied: catboost==1.2.10 in /home/ubuntu/.local/lib/python3.10/site-packages (from -r requirements.txt (line 4)) (1.2.10)
Requirement already satisfied: lightgbm==4.7.0 in /home/ubuntu/.local/lib/python3.10/site-packages (from -r requirements.txt (line 5)) (4.7.0)
Requirement already satisfied: xgboost==3.2.0 in /home/ubuntu/.local/lib/python3.10/site-packages (from -r requirements.txt (line 6)) (3.2.0)
Requirement already satisfied: scipy==1.14.1 in /home/ubuntu/.local/lib/python3.10/site-packages (from -r requirements.txt (line 7)) (1.14.1)
Requirement already satisfied: joblib in /home/ubuntu/.local/lib/python3.10/site-packages (from -r requirements.txt (line 8)) (1.4.2)
Requirement already satisfied: tzdata>=2022.7 in /home/ubuntu/.local/lib/python3.10/site-packages (from pandas==2.2.3->-r requirements.txt (line 2)) (2024.2)
Requirement already satisfied: pytz>=2020.1 in /home/ubuntu/.local/lib/python3.10/site-packages (from pandas==2.2.3->-r requirements.txt (line 2)) (2024.2)
Requirement already satisfied: python-dateutil>=2.8.2 in /home/ubuntu/.local/lib/python3.10/site-packages (from pandas==2.2.3->-r requirements.txt (line 2)) (2.9.0.post0)
Requirement already satisfied: threadpoolctl>=3.1.0 in /home/ubuntu/.local/lib/python3.10/site-packages (from scikit-learn==1.6.0->-r requirements.txt (line 3)) (3.5.0)
Requirement already satisfied: six in /usr/lib/python3/dist-packages (from catboost==1.2.10->-r requirements.txt (line 4)) (1.16.0)
Requirement already satisfied: graphviz in /home/ubuntu/.local/lib/python3.10/site-packages (from catboost==1.2.10->-r requirements.txt (line 4)) (0.21)
Requirement already satisfied: plotly in /home/ubuntu/.local/lib/python3.10/site-packages (from catboost==1.2.10->-r requirements.txt (line 4)) (6.9.0)
Requirement already satisfied: matplotlib in /home/ubuntu/.local/lib/python3.10/site-packages (from catboost==1.2.10->-r requirements.txt (line 4)) (3.10.0)
Requirement already satisfied: narwhals>=1.15 in /home/ubuntu/.local/lib/python3.10/site-packages (from lightgbm==4.7.0->-r requirements.txt (line 5)) (1.19.0)
Requirement already satisfied: nvidia-nccl-cu12 in /home/ubuntu/.local/lib/python3.10/site-packages (from xgboost==3.2.0->-r requirements.txt (line 6)) (2.31.2)
Requirement already satisfied: pillow>=8 in /home/ubuntu/.local/lib/python3.10/site-packages (from matplotlib->catboost==1.2.10->-r requirements.txt (line 4)) (11.0.0)
Requirement already satisfied: contourpy>=1.0.1 in /home/ubuntu/.local/lib/python3.10/site-packages (from matplotlib->catboost==1.2.10->-r requirements.txt (line 4)) (1.3.1)
Requirement already satisfied: packaging>=20.0 in /home/ubuntu/.local/lib/python3.10/site-packages (from matplotlib->catboost==1.2.10->-r requirements.txt (line 4)) (24.2)
Requirement already satisfied: cycler>=0.10 in /home/ubuntu/.local/lib/python3.10/site-packages (from matplotlib->catboost==1.2.10->-r requirements.txt (line 4)) (0.12.1)
Requirement already satisfied: pyparsing>=2.3.1 in /usr/lib/python3/dist-packages (from matplotlib->catboost==1.2.10->-r requirements.txt (line 4)) (2.4.7)
Requirement already satisfied: fonttools>=4.22.0 in /home/ubuntu/.local/lib/python3.10/site-packages (from matplotlib->catboost==1.2.10->-r requirements.txt (line 4)) (4.55.3)
Requirement already satisfied: kiwisolver>=1.3.1 in /home/ubuntu/.local/lib/python3.10/site-packages (from matplotlib->catboost==1.2.10->-r requirements.txt (line 4)) (1.4.7)
[NbConvertApp] Writing 12073 bytes to solution.ipynb
nbconvert_rc=0
